Archive member included to satisfy reference by file (symbol)

C:/ST/STM32CubeIDE_1.14.0/STM32CubeIDE/plugins/com.st.stm32cube.ide.mcu.externaltools.gnu-tools-for-stm32.11.3.rel1.win32_1.1.100.202309141235/tools/bin/../lib/gcc/arm-none-eabi/11.3.1/../../../../arm-none-eabi/lib/thumb/v7e-m+fp/hard\libc_nano.a(libc_a-exit.o)
                              C:/ST/STM32CubeIDE_1.14.0/STM32CubeIDE/plugins/com.st.stm32cube.ide.mcu.externaltools.gnu-tools-for-stm32.11.3.rel1.win32_1.1.100.202309141235/tools/bin/../lib/gcc/arm-none-eabi/11.3.1/../../../../arm-none-eabi/lib/thumb/v7e-m+fp/hard/crt0.o (exit)
C:/ST/STM32CubeIDE_1.14.0/STM32CubeIDE/plugins/com.st.stm32cube.ide.mcu.externaltools.gnu-tools-for-stm32.11.3.rel1.win32_1.1.100.202309141235/tools/bin/../lib/gcc/arm-none-eabi/11.3.1/../../../../arm-none-eabi/lib/thumb/v7e-m+fp/hard\libc_nano.a(libc_a-findfp.o)
                              C:/ST/STM32CubeIDE_1.14.0/STM32CubeIDE/plugins/com.st.stm32cube.ide.mcu.externaltools.gnu-tools-for-stm32.11.3.rel1.win32_1.1.100.202309141235/tools/bin/../lib/gcc/arm-none-eabi/11.3.1/../../../../arm-none-eabi/lib/thumb/v7e-m+fp/hard\libc_nano.a(libc_a-exit.o) (__stdio_exit_handler)
C:/ST/STM32CubeIDE_1.14.0/STM32CubeIDE/plugins/com.st.stm32cube.ide.mcu.externaltools.gnu-tools-for-stm32.11.3.rel1.win32_1.1.100.202309141235/tools/bin/../lib/gcc/arm-none-eabi/11.3.1/../../../../arm-none-eabi/lib/thumb/v7e-m+fp/hard\libc_nano.a(libc_a-fwalk.o)
                              C:/ST/STM32CubeIDE_1.14.0/STM32CubeIDE/plugins/com.st.stm32cube.ide.mcu.externaltools.gnu-tools-for-stm32.11.3.rel1.win32_1.1.100.202309141235/tools/bin/../lib/gcc/arm-none-eabi/11.3.1/../../../../arm-none-eabi/lib/thumb/v7e-m+fp/hard\libc_nano.a(libc_a-findfp.o) (_fwalk_sglue)
C:/ST/STM32CubeIDE_1.14.0/STM32CubeIDE/plugins/com.st.stm32cube.ide.mcu.externaltools.gnu-tools-for-stm32.11.3.rel1.win32_1.1.100.202309141235/tools/bin/../lib/gcc/arm-none-eabi/11.3.1/../../../../arm-none-eabi/lib/thumb/v7e-m+fp/hard\libc_nano.a(libc_a-stdio.o)
                              C:/ST/STM32CubeIDE_1.14.0/STM32CubeIDE/plugins/com.st.stm32cube.ide.mcu.externaltools.gnu-tools-for-stm32.11.3.rel1.win32_1.1.100.202309141235/tools/bin/../lib/gcc/arm-none-eabi/11.3.1/../../../../arm-none-eabi/lib/thumb/v7e-m+fp/hard\libc_nano.a(libc_a-findfp.o) (__sread)
C:/ST/STM32CubeIDE_1.14.0/STM32CubeIDE/plugins/com.st.stm32cube.ide.mcu.externaltools.gnu-tools-for-stm32.11.3.rel1.win32_1.1.100.202309141235/tools/bin/../lib/gcc/arm-none-eabi/11.3.1/../../../../arm-none-eabi/lib/thumb/v7e-m+fp/hard\libc_nano.a(libc_a-memset.o)
                              C:/ST/STM32CubeIDE_1.14.0/STM32CubeIDE/plugins/com.st.stm32cube.ide.mcu.externaltools.gnu-tools-for-stm32.11.3.rel1.win32_1.1.100.202309141235/tools/bin/../lib/gcc/arm-none-eabi/11.3.1/../../../../arm-none-eabi/lib/thumb/v7e-m+fp/hard/crt0.o (memset)
C:/ST/STM32CubeIDE_1.14.0/STM32CubeIDE/plugins/com.st.stm32cube.ide.mcu.externaltools.gnu-tools-for-stm32.11.3.rel1.win32_1.1.100.202309141235/tools/bin/../lib/gcc/arm-none-eabi/11.3.1/../../../../arm-none-eabi/lib/thumb/v7e-m+fp/hard\libc_nano.a(libc_a-closer.o)
                              C:/ST/STM32CubeIDE_1.14.0/STM32CubeIDE/plugins/com.st.stm32cube.ide.mcu.externaltools.gnu-tools-for-stm32.11.3.rel1.win32_1.1.100.202309141235/tools/bin/../lib/gcc/arm-none-eabi/11.3.1/../../../../arm-none-eabi/lib/thumb/v7e-m+fp/hard\libc_nano.a(libc_a-stdio.o) (_close_r)
C:/ST/STM32CubeIDE_1.14.0/STM32CubeIDE/plugins/com.st.stm32cube.ide.mcu.externaltools.gnu-tools-for-stm32.11.3.rel1.win32_1.1.100.202309141235/tools/bin/../lib/gcc/arm-none-eabi/11.3.1/../../../../arm-none-eabi/lib/thumb/v7e-m+fp/hard\libc_nano.a(libc_a-reent.o)
                              C:/ST/STM32CubeIDE_1.14.0/STM32CubeIDE/plugins/com.st.stm32cube.ide.mcu.externaltools.gnu-tools-for-stm32.11.3.rel1.win32_1.1.100.202309141235/tools/bin/../lib/gcc/arm-none-eabi/11.3.1/../../../../arm-none-eabi/lib/thumb/v7e-m+fp/hard\libc_nano.a(libc_a-closer.o) (errno)
C:/ST/STM32CubeIDE_1.14.0/STM32CubeIDE/plugins/com.st.stm32cube.ide.mcu.externaltools.gnu-tools-for-stm32.11.3.rel1.win32_1.1.100.202309141235/tools/bin/../lib/gcc/arm-none-eabi/11.3.1/../../../../arm-none-eabi/lib/thumb/v7e-m+fp/hard\libc_nano.a(libc_a-impure.o)
                              C:/ST/STM32CubeIDE_1.14.0/STM32CubeIDE/plugins/com.st.stm32cube.ide.mcu.externaltools.gnu-tools-for-stm32.11.3.rel1.win32_1.1.100.202309141235/tools/bin/../lib/gcc/arm-none-eabi/11.3.1/../../../../arm-none-eabi/lib/thumb/v7e-m+fp/hard\libc_nano.a(libc_a-reent.o) (_impure_ptr)
C:/ST/STM32CubeIDE_1.14.0/STM32CubeIDE/plugins/com.st.stm32cube.ide.mcu.externaltools.gnu-tools-for-stm32.11.3.rel1.win32_1.1.100.202309141235/tools/bin/../lib/gcc/arm-none-eabi/11.3.1/../../../../arm-none-eabi/lib/thumb/v7e-m+fp/hard\libc_nano.a(libc_a-lseekr.o)
[...]
Memory Configuration

Name             Origin             Length             Attributes
CCMRAM           0x0000000010000000 0x0000000000010000 xrw
RAM              0x0000000020000000 0x0000000000050000 xrw
ROM              0x0000000008000000 0x0000000000200000 xr
*default*        0x0000000000000000 0xffffffffffffffff

Linker script and memory map

LOAD C:/ST/STM32CubeIDE_1.14.0/STM32CubeIDE/plugins/com.st.stm32cube.ide.mcu.externaltools.gnu-tools-for-stm32.11.3.rel1.win32_1.1.100.202309141235/tools/bin/../lib/gcc/arm-none-eabi/11.3.1/thumb/v7e-m+fp/hard/crti.o
LOAD C:/ST/STM32CubeIDE_1.14.0/STM32CubeIDE/plugins/com.st.stm32cube.ide.mcu.externaltools.gnu-tools-for-stm32.11.3.rel1.win32_1.1.100.202309141235/tools/bin/../lib/gcc/arm-none-eabi/11.3.1/thumb/v7e-m+fp/hard/crtbegin.o
LOAD C:/ST/STM32CubeIDE_1.14.0/STM32CubeIDE/plugins/com.st.stm32cube.ide.mcu.externaltools.gnu-tools-for-stm32.11.3.rel1.win32_1.1.100.202309141235/tools/bin/../lib/gcc/arm-none-eabi/11.3.1/../../../../arm-none-eabi/lib/thumb/v7e-m+fp/hard/crt0.o
LOAD ./Drivers/BSP/STM32469I-Discovery/stm32469i_discovery.o
LOAD ./Drivers/CMSIS/system_stm32f4xx.o
LOAD ./Drivers/STM32F4xx_HAL_Driver/stm32f4xx_hal.o
LOAD ./Drivers/STM32F4xx_HAL_Driver/stm32f4xx_hal_cortex.o
LOAD ./Drivers/STM32F4xx_HAL_Driver/stm32f4xx_hal_dac.o
LOAD ./Drivers/STM32F4xx_HAL_Driver/stm32f4xx_hal_dac_ex.o
LOAD ./Drivers/STM32F4xx_HAL_Driver/stm32f4xx_hal_dma.o
LOAD ./Drivers/STM32F4xx_HAL_Driver/stm32f4xx_hal_gpio.o
LOAD ./Drivers/STM32F4xx_HAL_Driver/stm32f4xx_hal_i2c.o
LOAD ./Drivers/STM32F4xx_HAL_Driver/stm32f4xx_hal_i2c_ex.o
LOAD ./Drivers/STM32F4xx_HAL_Driver/stm32f4xx_hal_pwr_ex.o
LOAD ./Drivers/STM32F4xx_HAL_Driver/stm32f4xx_hal_rcc.o
LOAD ./Drivers/STM32F4xx_HAL_Driver/stm32f4xx_hal_rcc_ex.o
LOAD ./Drivers/STM32F4xx_HAL_Driver/stm32f4xx_hal_sram.o
LOAD ./Drivers/STM32F4xx_HAL_Driver/stm32f4xx_hal_tim.o
LOAD ./Drivers/STM32F4xx_HAL_Driver/stm32f4xx_hal_tim_ex.o
LOAD ./Drivers/STM32F4xx_HAL_Driver/stm32f4xx_hal_uart.o
LOAD ./Drivers/STM32F4xx_HAL_Driver/stm32f4xx_ll_fmc.o
LOAD ./Example/Startup/startup_stm32f469nihx.o
LOAD ./Example/User/main.o
LOAD ./Example/User/stm32f4xx_hal_msp.o
LOAD ./Example/User/stm32f4xx_it.o
LOAD ./Example/User/syscalls.o
LOAD ./Example/User/sysmem.o
START GROUP
LOAD C:/ST/STM32CubeIDE_1.14.0/STM32CubeIDE/plugins/com.st.stm32cube.ide.mcu.externaltools.gnu-tools-for-stm32.11.3.rel1.win32_1.1.100.202309141235/tools/bin/../lib/gcc/arm-none-eabi/11.3.1/../../../../arm-none-eabi/lib/thumb/v7e-m+fp/hard\libc_nano.a
LOAD C:/ST/STM32CubeIDE_1.14.0/STM32CubeIDE/plugins/com.st.stm32cube.ide.mcu.externaltools.gnu-tools-for-stm32.11.3.rel1.win32_1.1.100.202309141235/tools/bin/../lib/gcc/arm-none-eabi/11.3.1/../../../../arm-none-eabi/lib/thumb/v7e-m+fp/hard\libm.a
END GROUP
START GROUP
LOAD C:/ST/STM32CubeIDE_1.14.0/STM32CubeIDE/plugins/com.st.stm32cube.ide.mcu.externaltools.gnu-tools-for-stm32.11.3.rel1.win32_1.1.100.202309141235/tools/bin/../lib/gcc/arm-none-eabi/11.3.1/thumb/v7e-m+fp/hard\libgcc.a
LOAD C:/ST/STM32CubeIDE_1.14.0/STM32CubeIDE/plugins/com.st.stm32cube.ide.mcu.externaltools.gnu-tools-for-stm32.11.3.rel1.win32_1.1.100.202309141235/tools/bin/../lib/gcc/arm-none-eabi/11.3.1/../../../../arm-none-eabi/lib/thumb/v7e-m+fp/hard\libc_nano.a
END GROUP
START GROUP
LOAD C:/ST/STM32CubeIDE_1.14.0/STM32CubeIDE/plugins/com.st.stm32cube.ide.mcu.externaltools.gnu-tools-for-stm32.11.3.rel1.win32_1.1.100.202309141235/tools/bin/../lib/gcc/arm-none-eabi/11.3.1/thumb/v7e-m+fp/hard\libgcc.a
LOAD C:/ST/STM32CubeIDE_1.14.0/STM32CubeIDE/plugins/com.st.stm32cube.ide.mcu.externaltools.gnu-tools-for-stm32.11.3.rel1.win32_1.1.100.202309141235/tools/bin/../lib/gcc/arm-none-eabi/11.3.1/../../../../arm-none-eabi/lib/thumb/v7e-m+fp/hard\libc_nano.a
LOAD C:/ST/STM32CubeIDE_1.14.0/STM32CubeIDE/plugins/com.st.stm32cube.ide.mcu.externaltools.gnu-tools-for-stm32.11.3.rel1.win32_1.1.100.202309141235/tools/bin/../lib/gcc/arm-none-eabi/11.3.1/../../../../arm-none-eabi/lib/thumb/v7e-m+fp/hard\libnosys.a
END GROUP
START GROUP
LOAD C:/ST/STM32CubeIDE_1.14.0/STM32CubeIDE/plugins/com.st.stm32cube.ide.mcu.externaltools.gnu-tools-for-stm32.11.3.rel1.win32_1.1.100.202309141235/tools/bin/../lib/gcc/arm-none-eabi/11.3.1/thumb/v7e-m+fp/hard\libgcc.a
LOAD C:/ST/STM32CubeIDE_1.14.0/STM32CubeIDE/plugins/com.st.stm32cube.ide.mcu.externaltools.gnu-tools-for-stm32.11.3.rel1.win32_1.1.100.202309141235/tools/bin/../lib/gcc/arm-none-eabi/11.3.1/../../../../arm-none-eabi/lib/thumb/v7e-m+fp/hard\libc_nano.a
LOAD C:/ST/STM32CubeIDE_1.14.0/STM32CubeIDE/plugins/com.st.stm32cube.ide.mcu.externaltools.gnu-tools-for-stm32.11.3.rel1.win32_1.1.100.202309141235/tools/bin/../lib/gcc/arm-none-eabi/11.3.1/../../../../arm-none-eabi/lib/thumb/v7e-m+fp/hard\libnosys.a
END GROUP
LOAD C:/ST/STM32CubeIDE_1.14.0/STM32CubeIDE/plugins/com.st.stm32cube.ide.mcu.externaltools.gnu-tools-for-stm32.11.3.rel1.win32_1.1.100.202309141235/tools/bin/../lib/gcc/arm-none-eabi/11.3.1/thumb/v7e-m+fp/hard/crtend.o
LOAD C:/ST/STM32CubeIDE_1.14.0/STM32CubeIDE/plugins/com.st.stm32cube.ide.mcu.externaltools.gnu-tools-for-stm32.11.3.rel1.win32_1.1.100.202309141235/tools/bin/../lib/gcc/arm-none-eabi/11.3.1/thumb/v7e-m+fp/hard/crtn.o
                0x0000000020050000                _estack = (ORIGIN (RAM) + LENGTH (RAM))
                0x0000000000000200                _Min_Heap_Size = 0x200
                0x0000000000000400                _Min_Stack_Size = 0x400

.isr_vector     0x0000000008000000      0x1b4
                0x0000000008000000                . = ALIGN (0x4)
 *(.isr_vector)
 .isr_vector    0x0000000008000000      0x1b4 ./Example/Startup/startup_stm32f469nihx.o
                0x0000000008000000                g_pfnVectors
                0x00000000080001b4                . = ALIGN (0x4)

.text           0x00000000080001b4     0x2ea4
                0x00000000080001b4                . = ALIGN (0x4)
 *(.text)
 .text          0x00000000080001b4       0x40 C:/ST/STM32CubeIDE_1.14.0/STM32CubeIDE/plugins/com.st.stm32cube.ide.mcu.externaltools.gnu-tools-for-stm32.11.3.rel1.win32_1.1.100.202309141235/tools/bin/../lib/gcc/arm-none-eabi/11.3.1/thumb/v7e-m+fp/hard/crtbegin.o
 .text          0x00000000080001f4       0x30 C:/ST/STM32CubeIDE_1.14.0/STM32CubeIDE/plugins/com.st.stm32cube.ide.mcu.externaltools.gnu-tools-for-stm32.11.3.rel1.win32_1.1.100.202309141235/tools/bin/../lib/gcc/arm-none-eabi/11.3.1/thumb/v7e-m+fp/hard\libgcc.a(_aeabi_uldivmod.o)
                0x00000000080001f4                __aeabi_uldivmod
 .text          0x0000000008000224      0x2c8 C:/ST/STM32CubeIDE_1.14.0/STM32CubeIDE/plugins/com.st.stm32cube.ide.mcu.externaltools.gnu-tools-for-stm32.11.3.rel1.win32_1.1.100.202309141235/tools/bin/../lib/gcc/arm-none-eabi/11.3.1/thumb/v7e-m+fp/hard\libgcc.a(_udivmoddi4.o)
                0x0000000008000224                __udivmoddi4
 .text          0x00000000080004ec        0x4 C:/ST/STM32CubeIDE_1.14.0/STM32CubeIDE/plugins/com.st.stm32cube.ide.mcu.externaltools.gnu-tools-for-stm32.11.3.rel1.win32_1.1.100.202309141235/tools/bin/../lib/gcc/arm-none-eabi/11.3.1/thumb/v7e-m+fp/hard\libgcc.a(_dvmd_tls.o)
                0x00000000080004ec                __aeabi_idiv0
                0x00000000080004ec                __aeabi_ldiv0
 *(.text*)
 .text.BSP_LED_Init
                0x00000000080004f0      0x100 ./Drivers/BSP/STM32469I-Discovery/stm32469i_discovery.o
                0x00000000080004f0                BSP_LED_Init
 .text.BSP_LED_On
                0x00000000080005f0       0x3c ./Drivers/BSP/STM32469I-Discovery/stm32469i_discovery.o
                0x00000000080005f0                BSP_LED_On
 .text.BSP_PB_Init
                0x000000000800062c       0xac ./Drivers/BSP/STM32469I-Discovery/stm32469i_discovery.o
                0x000000000800062c                BSP_PB_Init
 .text.SystemInit
                0x00000000080006d8       0x6c ./Drivers/CMSIS/system_stm32f4xx.o
                0x00000000080006d8                SystemInit
 .text.HAL_Init
                0x0000000008000744       0x44 ./Drivers/STM32F4xx_HAL_Driver/stm32f4xx_hal.o
                0x0000000008000744                HAL_Init
 .text.HAL_MspInit
                0x0000000008000788        0xe ./Drivers/STM32F4xx_HAL_Driver/stm32f4xx_hal.o
                0x0000000008000788                HAL_MspInit
 *fill*         0x0000000008000796        0x2 
 .text.HAL_InitTick
                0x0000000008000798       0x60 ./Drivers/STM32F4xx_HAL_Driver/stm32f4xx_hal.o
                0x0000000008000798                HAL_InitTick
 .text.HAL_IncTick
                0x00000000080007f8       0x28 ./Drivers/STM32F4xx_HAL_Driver/stm32f4xx_hal.o
                0x00000000080007f8                HAL_IncTick
 .text.HAL_GetTick
                0x0000000008000820       0x18 ./Drivers/STM32F4xx_HAL_Driver/stm32f4xx_hal.o
                0x0000000008000820                HAL_GetTick
 .text.__NVIC_SetPriorityGrouping
                0x0000000008000838       0x48 ./Drivers/STM32F4xx_HAL_Driver/stm32f4xx_hal_cortex.o
 .text.__NVIC_GetPriorityGrouping
                0x0000000008000880       0x1c ./Drivers/STM32F4xx_HAL_Driver/stm32f4xx_hal_cortex.o
 .text.__NVIC_EnableIRQ
                0x000000000800089c       0x3c ./Drivers/STM32F4xx_HAL_Driver/stm32f4xx_hal_cortex.o
 .text.__NVIC_DisableIRQ
                0x00000000080008d8       0x48 ./Drivers/STM32F4xx_HAL_Driver/stm32f4xx_hal_cortex.o
 .text.__NVIC_SetPriority
                0x0000000008000920       0x54 ./Drivers/STM32F4xx_HAL_Driver/stm32f4xx_hal_cortex.o
 .text.NVIC_EncodePriority
                0x0000000008000974       0x66 ./Drivers/STM32F4xx_HAL_Driver/stm32f4xx_hal_cortex.o
 *fill*         0x00000000080009da        0x2 
 .text.SysTick_Config
                0x00000000080009dc       0x44 ./Drivers/STM32F4xx_HAL_Driver/stm32f4xx_hal_cortex.o
 .text.HAL_NVIC_SetPriorityGrouping
                0x0000000008000a20       0x16 ./Drivers/STM32F4xx_HAL_Driver/stm32f4xx_hal_cortex.o
                0x0000000008000a20                HAL_NVIC_SetPriorityGrouping
 .text.HAL_NVIC_SetPriority
                0x0000000008000a36       0x38 ./Drivers/STM32F4xx_HAL_Driver/stm32f4xx_hal_cortex.o
                0x0000000008000a36                HAL_NVIC_SetPriority
 .text.HAL_NVIC_EnableIRQ
                0x0000000008000a6e       0x1c ./Drivers/STM32F4xx_HAL_Driver/stm32f4xx_hal_cortex.o
                0x0000000008000a6e                HAL_NVIC_EnableIRQ
 .text.HAL_NVIC_DisableIRQ
                0x0000000008000a8a       0x1c ./Drivers/STM32F4xx_HAL_Driver/stm32f4xx_hal_cortex.o
                0x0000000008000a8a                HAL_NVIC_DisableIRQ
 .text.HAL_SYSTICK_Config
                0x0000000008000aa6       0x18 ./Drivers/STM32F4xx_HAL_Driver/stm32f4xx_hal_cortex.o
                0x0000000008000aa6                HAL_SYSTICK_Config
 .text.HAL_DAC_Init
                0x0000000008000abe       0x44 ./Drivers/STM32F4xx_HAL_Driver/stm32f4xx_hal_dac.o
                0x0000000008000abe                HAL_DAC_Init
 .text.HAL_DAC_DeInit
                0x0000000008000b02       0x3a ./Drivers/STM32F4xx_HAL_Driver/stm32f4xx_hal_dac.o
                0x0000000008000b02                HAL_DAC_DeInit
 .text.HAL_DAC_Start
                0x0000000008000b3c       0xae ./Drivers/STM32F4xx_HAL_Driver/stm32f4xx_hal_dac.o
                0x0000000008000b3c                HAL_DAC_Start
 *fill*         0x0000000008000bea        0x2 
 .text.HAL_DAC_Start_DMA
                0x0000000008000bec      0x184 ./Drivers/STM32F4xx_HAL_Driver/stm32f4xx_hal_dac.o
                0x0000000008000bec                HAL_DAC_Start_DMA
 .text.HAL_DAC_SetValue
                0x0000000008000d70       0x54 ./Drivers/STM32F4xx_HAL_Driver/stm32f4xx_hal_dac.o
                0x0000000008000d70                HAL_DAC_SetValue
 .text.HAL_DAC_ConvCpltCallbackCh1
                0x0000000008000dc4       0x14 ./Drivers/STM32F4xx_HAL_Driver/stm32f4xx_hal_dac.o
                0x0000000008000dc4                HAL_DAC_ConvCpltCallbackCh1
 .text.HAL_DAC_ConvHalfCpltCallbackCh1
                0x0000000008000dd8       0x14 ./Drivers/STM32F4xx_HAL_Driver/stm32f4xx_hal_dac.o
                0x0000000008000dd8                HAL_DAC_ConvHalfCpltCallbackCh1
 .text.HAL_DAC_ErrorCallbackCh1
                0x0000000008000dec       0x14 ./Drivers/STM32F4xx_HAL_Driver/stm32f4xx_hal_dac.o
                0x0000000008000dec                HAL_DAC_ErrorCallbackCh1
 .text.HAL_DAC_ConfigChannel
                0x0000000008000e00       0xb2 ./Drivers/STM32F4xx_HAL_Driver/stm32f4xx_hal_dac.o
                0x0000000008000e00                HAL_DAC_ConfigChannel
 .text.DAC_DMAConvCpltCh1
                0x0000000008000eb2       0x22 ./Drivers/STM32F4xx_HAL_Driver/stm32f4xx_hal_dac.o
                0x0000000008000eb2                DAC_DMAConvCpltCh1
 .text.DAC_DMAHalfConvCpltCh1
                0x0000000008000ed4       0x1c ./Drivers/STM32F4xx_HAL_Driver/stm32f4xx_hal_dac.o
                0x0000000008000ed4                DAC_DMAHalfConvCpltCh1
 .text.DAC_DMAErrorCh1
                0x0000000008000ef0       0x2e ./Drivers/STM32F4xx_HAL_Driver/stm32f4xx_hal_dac.o
                0x0000000008000ef0                DAC_DMAErrorCh1
 .text.HAL_DACEx_TriangleWaveGenerate
                0x0000000008000f1e       0x78 ./Drivers/STM32F4xx_HAL_Driver/stm32f4xx_hal_dac_ex.o
                0x0000000008000f1e                HAL_DACEx_TriangleWaveGenerate
 .text.HAL_DACEx_ConvCpltCallbackCh2
                0x0000000008000f96       0x14 ./Drivers/STM32F4xx_HAL_Driver/stm32f4xx_hal_dac_ex.o
                0x0000000008000f96                HAL_DACEx_ConvCpltCallbackCh2
 .text.HAL_DACEx_ConvHalfCpltCallbackCh2
                0x0000000008000faa       0x14 ./Drivers/STM32F4xx_HAL_Driver/stm32f4xx_hal_dac_ex.o
                0x0000000008000faa                HAL_DACEx_ConvHalfCpltCallbackCh2
 .text.HAL_DACEx_ErrorCallbackCh2
                0x0000000008000fbe       0x14 ./Drivers/STM32F4xx_HAL_Driver/stm32f4xx_hal_dac_ex.o
                0x0000000008000fbe                HAL_DACEx_ErrorCallbackCh2
 .text.DAC_DMAConvCpltCh2
                0x0000000008000fd2       0x22 ./Drivers/STM32F4xx_HAL_Driver/stm32f4xx_hal_dac_ex.o
                0x0000000008000fd2                DAC_DMAConvCpltCh2
 .text.DAC_DMAHalfConvCpltCh2
                0x0000000008000ff4       0x1c ./Drivers/STM32F4xx_HAL_Driver/stm32f4xx_hal_dac_ex.o
                0x0000000008000ff4                DAC_DMAHalfConvCpltCh2
 .text.DAC_DMAErrorCh2
                0x0000000008001010       0x2e ./Drivers/STM32F4xx_HAL_Driver/stm32f4xx_hal_dac_ex.o
                0x0000000008001010                DAC_DMAErrorCh2
 *fill*         0x000000000800103e        0x2 
 .text.HAL_DMA_Init
                0x0000000008001040      0x15c ./Drivers/STM32F4xx_HAL_Driver/stm32f4xx_hal_dma.o
                0x0000000008001040                HAL_DMA_Init
 .text.HAL_DMA_DeInit
                0x000000000800119c       0xbc ./Drivers/STM32F4xx_HAL_Driver/stm32f4xx_hal_dma.o
                0x000000000800119c                HAL_DMA_DeInit
 .text.HAL_DMA_Start_IT
                0x0000000008001258       0xb0 ./Drivers/STM32F4xx_HAL_Driver/stm32f4xx_hal_dma.o
                0x0000000008001258                HAL_DMA_Start_IT
 .text.HAL_DMA_IRQHandler
                0x0000000008001308      0x314 ./Drivers/STM32F4xx_HAL_Driver/stm32f4xx_hal_dma.o
                0x0000000008001308                HAL_DMA_IRQHandler
 .text.DMA_SetConfig
                0x000000000800161c       0x5c ./Drivers/STM32F4xx_HAL_Driver/stm32f4xx_hal_dma.o
 .text.DMA_CalcBaseAndBitshift
                0x0000000008001678       0x6c ./Drivers/STM32F4xx_HAL_Driver/stm32f4xx_hal_dma.o
 .text.DMA_CheckFifoParam
                0x00000000080016e4       0xf8 ./Drivers/STM32F4xx_HAL_Driver/stm32f4xx_hal_dma.o
 .text.HAL_GPIO_Init
                0x00000000080017dc      0x358 ./Drivers/STM32F4xx_HAL_Driver/stm32f4xx_hal_gpio.o
                0x00000000080017dc                HAL_GPIO_Init
 .text.HAL_GPIO_DeInit
                0x0000000008001b34      0x218 ./Drivers/STM32F4xx_HAL_Driver/stm32f4xx_hal_gpio.o
                0x0000000008001b34                HAL_GPIO_DeInit
 .text.HAL_GPIO_WritePin
                0x0000000008001d4c       0x32 ./Drivers/STM32F4xx_HAL_Driver/stm32f4xx_hal_gpio.o
                0x0000000008001d4c                HAL_GPIO_WritePin
 *fill*         0x0000000008001d7e        0x2 
 .text.HAL_GPIO_EXTI_IRQHandler
                0x0000000008001d80       0x30 ./Drivers/STM32F4xx_HAL_Driver/stm32f4xx_hal_gpio.o
                0x0000000008001d80                HAL_GPIO_EXTI_IRQHandler
 .text.HAL_PWREx_EnableOverDrive
                0x0000000008001db0       0xa0 ./Drivers/STM32F4xx_HAL_Driver/stm32f4xx_hal_pwr_ex.o
                0x0000000008001db0                HAL_PWREx_EnableOverDrive
 .text.HAL_RCC_ClockConfig
                0x0000000008001e50      0x1cc ./Drivers/STM32F4xx_HAL_Driver/stm32f4xx_hal_rcc.o
                0x0000000008001e50                HAL_RCC_ClockConfig
 .text.HAL_RCC_GetSysClockFreq
                0x000000000800201c      0x20c ./Drivers/STM32F4xx_HAL_Driver/stm32f4xx_hal_rcc.o
                0x000000000800201c                HAL_RCC_GetSysClockFreq
 .text.HAL_RCC_OscConfig
                0x0000000008002228      0x508 ./Drivers/STM32F4xx_HAL_Driver/stm32f4xx_hal_rcc_ex.o
                0x0000000008002228                HAL_RCC_OscConfig
 .text.HAL_TIM_Base_Init
                0x0000000008002730       0x9e ./Drivers/STM32F4xx_HAL_Driver/stm32f4xx_hal_tim.o
                0x0000000008002730                HAL_TIM_Base_Init
 *fill*         0x00000000080027ce        0x2 
 .text.HAL_TIM_Base_Start
                0x00000000080027d0       0xd0 ./Drivers/STM32F4xx_HAL_Driver/stm32f4xx_hal_tim.o
                0x00000000080027d0                HAL_TIM_Base_Start
 .text.TIM_Base_SetConfig
                0x00000000080028a0      0x158 ./Drivers/STM32F4xx_HAL_Driver/stm32f4xx_hal_tim.o
                0x00000000080028a0                TIM_Base_SetConfig
 .text.HAL_TIMEx_MasterConfigSynchronization
                0x00000000080029f8       0xf8 ./Drivers/STM32F4xx_HAL_Driver/stm32f4xx_hal_tim_ex.o
                0x00000000080029f8                HAL_TIMEx_MasterConfigSynchronization
 .text.Reset_Handler
                0x0000000008002af0       0x50 ./Example/Startup/startup_stm32f469nihx.o
                0x0000000008002af0                Reset_Handler
 .text.Default_Handler
                0x0000000008002b40        0x2 ./Example/Startup/startup_stm32f469nihx.o
                0x0000000008002b40                RTC_Alarm_IRQHandler
                0x0000000008002b40                HASH_RNG_IRQHandler
                0x0000000008002b40                EXTI2_IRQHandler
                0x0000000008002b40                TIM8_CC_IRQHandler
                0x0000000008002b40                UART8_IRQHandler
                0x0000000008002b40                SPI4_IRQHandler
                0x0000000008002b40                TIM1_CC_IRQHandler
                0x0000000008002b40                DMA2_Stream5_IRQHandler
                0x0000000008002b40                PVD_IRQHandler
                0x0000000008002b40                SDIO_IRQHandler
                0x0000000008002b40                TAMP_STAMP_IRQHandler
                0x0000000008002b40                CAN2_RX1_IRQHandler
                0x0000000008002b40                EXTI3_IRQHandler
                0x0000000008002b40                TIM8_TRG_COM_TIM14_IRQHandler
                0x0000000008002b40                TIM1_UP_TIM10_IRQHandler
                0x0000000008002b40                TIM8_UP_TIM13_IRQHandler
                0x0000000008002b40                I2C3_ER_IRQHandler
                0x0000000008002b40                I2C2_EV_IRQHandler
                0x0000000008002b40                DMA1_Stream2_IRQHandler
                0x0000000008002b40                CAN1_RX0_IRQHandler
                0x0000000008002b40                FPU_IRQHandler
                0x0000000008002b40                OTG_HS_WKUP_IRQHandler
                0x0000000008002b40                LTDC_ER_IRQHandler
                0x0000000008002b40                CAN2_SCE_IRQHandler
                0x0000000008002b40                DMA2_Stream2_IRQHandler
                0x0000000008002b40                SPI1_IRQHandler
                0x0000000008002b40                TIM6_DAC_IRQHandler
                0x0000000008002b40                TIM1_BRK_TIM9_IRQHandler
                0x0000000008002b40                DCMI_IRQHandler
                0x0000000008002b40                CAN2_RX0_IRQHandler
                0x0000000008002b40                DMA2_Stream3_IRQHandler
                0x0000000008002b40                USART6_IRQHandler
                0x0000000008002b40                USART3_IRQHandler
                0x0000000008002b40                CAN1_RX1_IRQHandler
                0x0000000008002b40                UART5_IRQHandler
                0x0000000008002b40                DMA2_Stream0_IRQHandler
                0x0000000008002b40                TIM4_IRQHandler
                0x0000000008002b40                QUADSPI_IRQHandler
                0x0000000008002b40                I2C1_EV_IRQHandler
                0x0000000008002b40                DMA1_Stream6_IRQHandler
                0x0000000008002b40                DMA1_Stream1_IRQHandler
                0x0000000008002b40                UART4_IRQHandler
                0x0000000008002b40                TIM3_IRQHandler
                0x0000000008002b40                RCC_IRQHandler
                0x0000000008002b40                TIM8_BRK_TIM12_IRQHandler
                0x0000000008002b40                Default_Handler
                0x0000000008002b40                EXTI15_10_IRQHandler
                0x0000000008002b40                ADC_IRQHandler
                0x0000000008002b40                DMA1_Stream7_IRQHandler
                0x0000000008002b40                SPI5_IRQHandler
                0x0000000008002b40                TIM7_IRQHandler
                0x0000000008002b40                CAN2_TX_IRQHandler
                0x0000000008002b40                TIM5_IRQHandler
                0x0000000008002b40                DMA2_Stream7_IRQHandler
                0x0000000008002b40                I2C3_EV_IRQHandler
                0x0000000008002b40                EXTI9_5_IRQHandler
                0x0000000008002b40                RTC_WKUP_IRQHandler
                0x0000000008002b40                LTDC_IRQHandler
                0x0000000008002b40                ETH_WKUP_IRQHandler
                0x0000000008002b40                SPI2_IRQHandler
                0x0000000008002b40                OTG_HS_EP1_IN_IRQHandler
                0x0000000008002b40                DMA1_Stream0_IRQHandler
                0x0000000008002b40                CAN1_TX_IRQHandler
                0x0000000008002b40                EXTI4_IRQHandler
                0x0000000008002b40                DSI_IRQHandler
                0x0000000008002b40                ETH_IRQHandler
                0x0000000008002b40                OTG_HS_EP1_OUT_IRQHandler
                0x0000000008002b40                WWDG_IRQHandler
                0x0000000008002b40                SPI6_IRQHandler
                0x0000000008002b40                TIM2_IRQHandler
                0x0000000008002b40                OTG_FS_WKUP_IRQHandler
                0x0000000008002b40                TIM1_TRG_COM_TIM11_IRQHandler
                0x0000000008002b40                OTG_HS_IRQHandler
                0x0000000008002b40                DMA2D_IRQHandler
                0x0000000008002b40                EXTI1_IRQHandler
                0x0000000008002b40                UART7_IRQHandler
                0x0000000008002b40                USART2_IRQHandler
                0x0000000008002b40                I2C2_ER_IRQHandler
                0x0000000008002b40                DMA2_Stream1_IRQHandler
                0x0000000008002b40                CAN1_SCE_IRQHandler
                0x0000000008002b40                FLASH_IRQHandler
                0x0000000008002b40                DMA2_Stream4_IRQHandler
                0x0000000008002b40                USART1_IRQHandler
                0x0000000008002b40                OTG_FS_IRQHandler
                0x0000000008002b40                SPI3_IRQHandler
                0x0000000008002b40                DMA1_Stream4_IRQHandler
                0x0000000008002b40                I2C1_ER_IRQHandler
                0x0000000008002b40                FMC_IRQHandler
                0x0000000008002b40                DMA2_Stream6_IRQHandler
                0x0000000008002b40                SAI1_IRQHandler
                0x0000000008002b40                DMA1_Stream3_IRQHandler
 *fill*         0x0000000008002b42        0x2 
 .text.main     0x0000000008002b44       0x60 ./Example/User/main.o
                0x0000000008002b44                main
 .text.SystemClock_Config
                0x0000000008002ba4       0xe0 ./Example/User/main.o
 .text.Error_Handler
                0x0000000008002c84        0xc ./Example/User/main.o
 .text.DAC_Ch1_EscalatorConfig
                0x0000000008002c90       0x64 ./Example/User/main.o
 .text.DAC_Ch1_TriangleConfig
                0x0000000008002cf4       0x80 ./Example/User/main.o
 .text.HAL_GPIO_EXTI_Callback
                0x0000000008002d74       0x3c ./Example/User/main.o
                0x0000000008002d74                HAL_GPIO_EXTI_Callback
 .text.TIM6_Config
                0x0000000008002db0       0x5c ./Example/User/main.o
 .text.HAL_DAC_MspInit
                0x0000000008002e0c       0xec ./Example/User/stm32f4xx_hal_msp.o
                0x0000000008002e0c                HAL_DAC_MspInit
 .text.HAL_DAC_MspDeInit
                0x0000000008002ef8       0x48 ./Example/User/stm32f4xx_hal_msp.o
                0x0000000008002ef8                HAL_DAC_MspDeInit
 .text.HAL_TIM_Base_MspInit
                0x0000000008002f40       0x34 ./Example/User/stm32f4xx_hal_msp.o
                0x0000000008002f40                HAL_TIM_Base_MspInit
 .text.NMI_Handler
                0x0000000008002f74        0xe ./Example/User/stm32f4xx_it.o
                0x0000000008002f74                NMI_Handler
 .text.HardFault_Handler
                0x0000000008002f82        0x6 ./Example/User/stm32f4xx_it.o
                0x0000000008002f82                HardFault_Handler
 .text.MemManage_Handler
                0x0000000008002f88        0x6 ./Example/User/stm32f4xx_it.o
                0x0000000008002f88                MemManage_Handler
 .text.BusFault_Handler
                0x0000000008002f8e        0x6 ./Example/User/stm32f4xx_it.o
                0x0000000008002f8e                BusFault_Handler
 .text.UsageFault_Handler
                0x0000000008002f94        0x6 ./Example/User/stm32f4xx_it.o
                0x0000000008002f94                UsageFault_Handler
 .text.SVC_Handler
                0x0000000008002f9a        0xe ./Example/User/stm32f4xx_it.o
                0x0000000008002f9a                SVC_Handler
 .text.DebugMon_Handler
                0x0000000008002fa8        0xe ./Example/User/stm32f4xx_it.o
                0x0000000008002fa8                DebugMon_Handler
 .text.PendSV_Handler
                0x0000000008002fb6        0xe ./Example/User/stm32f4xx_it.o
                0x0000000008002fb6                PendSV_Handler
 .text.SysTick_Handler
                0x0000000008002fc4        0xc ./Example/User/stm32f4xx_it.o
                0x0000000008002fc4                SysTick_Handler
 .text.DMA1_Stream5_IRQHandler
                0x0000000008002fd0       0x18 ./Example/User/stm32f4xx_it.o
                0x0000000008002fd0                DMA1_Stream5_IRQHandler
 .text.EXTI0_IRQHandler
                0x0000000008002fe8        0xe ./Example/User/stm32f4xx_it.o
                0x0000000008002fe8                EXTI0_IRQHandler
 *fill*         0x0000000008002ff6        0x2 
 .text.__libc_init_array
                0x0000000008002ff8       0x48 C:/ST/STM32CubeIDE_1.14.0/STM32CubeIDE/plugins/com.st.stm32cube.ide.mcu.externaltools.gnu-tools-for-stm32.11.3.rel1.win32_1.1.100.202309141235/tools/bin/../lib/gcc/arm-none-eabi/11.3.1/../../../../arm-none-eabi/lib/thumb/v7e-m+fp/hard\libc_nano.a(libc_a-init.o)
                0x0000000008002ff8                __libc_init_array
 *(.glue_7)
 .glue_7        0x0000000008003040        0x0 linker stubs
 *(.glue_7t)
 .glue_7t       0x0000000008003040        0x0 linker stubs
 *(.eh_frame)
 .eh_frame      0x0000000008003040        0x0 C:/ST/STM32CubeIDE_1.14.0/STM32CubeIDE/plugins/com.st.stm32cube.ide.mcu.externaltools.gnu-tools-for-stm32.11.3.rel1.win32_1.1.100.202309141235/tools/bin/../lib/gcc/arm-none-eabi/11.3.1/thumb/v7e-m+fp/hard/crtbegin.o
 *(.init)
 .init          0x0000000008003040        0x4 C:/ST/STM32CubeIDE_1.14.0/STM32CubeIDE/plugins/com.st.stm32cube.ide.mcu.externaltools.gnu-tools-for-stm32.11.3.rel1.win32_1.1.100.202309141235/tools/bin/../lib/gcc/arm-none-eabi/11.3.1/thumb/v7e-m+fp/hard/crti.o
                0x0000000008003040                _init
 .init          0x0000000008003044        0x8 C:/ST/STM32CubeIDE_1.14.0/STM32CubeIDE/plugins/com.st.stm32cube.ide.mcu.externaltools.gnu-tools-for-stm32.11.3.rel1.win32_1.1.100.202309141235/tools/bin/../lib/gcc/arm-none-eabi/11.3.1/thumb/v7e-m+fp/hard/crtn.o
 *(.fini)
 .fini          0x000000000800304c        0x4 C:/ST/STM32CubeIDE_1.14.0/STM32CubeIDE/plugins/com.st.stm32cube.ide.mcu.externaltools.gnu-tools-for-stm32.11.3.rel1.win32_1.1.100.202309141235/tools/bin/../lib/gcc/arm-none-eabi/11.3.1/thumb/v7e-m+fp/hard/crti.o
                0x000000000800304c                _fini
 .fini          0x0000000008003050        0x8 C:/ST/STM32CubeIDE_1.14.0/STM32CubeIDE/plugins/com.st.stm32cube.ide.mcu.externaltools.gnu-tools-for-stm32.11.3.rel1.win32_1.1.100.202309141235/tools/bin/../lib/gcc/arm-none-eabi/11.3.1/thumb/v7e-m+fp/hard/crtn.o
                0x0000000008003058                . = ALIGN (0x4)
                0x0000000008003058                _etext = .

.vfp11_veneer   0x0000000008003058        0x0
 .vfp11_veneer  0x0000000008003058        0x0 linker stubs

.v4_bx          0x0000000008003058        0x0
 .v4_bx         0x0000000008003058        0x0 linker stubs

.iplt           0x0000000008003058        0x0
 .iplt          0x0000000008003058        0x0 C:/ST/STM32CubeIDE_1.14.0/STM32CubeIDE/plugins/com.st.stm32cube.ide.mcu.externaltools.gnu-tools-for-stm32.11.3.rel1.win32_1.1.100.202309141235/tools/bin/../lib/gcc/arm-none-eabi/11.3.1/thumb/v7e-m+fp/hard/crtbegin.o

.rodata         0x0000000008003058       0x20
                0x0000000008003058                . = ALIGN (0x4)
 *(.rodata)
 *(.rodata*)
 .rodata.AHBPrescTable
                0x0000000008003058       0x10 ./Drivers/CMSIS/system_stm32f4xx.o
                0x0000000008003058                AHBPrescTable
 .rodata.flagBitshiftOffset.0
                0x0000000008003068        0x8 ./Drivers/STM32F4xx_HAL_Driver/stm32f4xx_hal_dma.o
 .rodata.aEscalator8bit
                0x0000000008003070        0x6 ./Example/User/main.o
                0x0000000008003070                aEscalator8bit
                0x0000000008003078                . = ALIGN (0x4)
 *fill*         0x0000000008003076        0x2 

.ARM.extab      0x0000000008003078        0x0
                0x0000000008003078                . = ALIGN (0x4)
 *(.ARM.extab* .gnu.linkonce.armextab.*)
                0x0000000008003078                . = ALIGN (0x4)

.ARM            0x0000000008003078        0x8
                0x0000000008003078                . = ALIGN (0x4)
                0x0000000008003078                __exidx_start = .
 *(.ARM.exidx*)
 .ARM.exidx     0x0000000008003078        0x8 C:/ST/STM32CubeIDE_1.14.0/STM32CubeIDE/plugins/com.st.stm32cube.ide.mcu.externaltools.gnu-tools-for-stm32.11.3.rel1.win32_1.1.100.202309141235/tools/bin/../lib/gcc/arm-none-eabi/11.3.1/thumb/v7e-m+fp/hard\libgcc.a(_udivmoddi4.o)
                0x0000000008003080                __exidx_end = .
                0x0000000008003080                . = ALIGN (0x4)

.rel.dyn        0x0000000008003080        0x0
 .rel.iplt      0x0000000008003080        0x0 C:/ST/STM32CubeIDE_1.14.0/STM32CubeIDE/plugins/com.st.stm32cube.ide.mcu.externaltools.gnu-tools-for-stm32.11.3.rel1.win32_1.1.100.202309141235/tools/bin/../lib/gcc/arm-none-eabi/11.3.1/thumb/v7e-m+fp/hard/crtbegin.o

.preinit_array  0x0000000008003080        0x0
                0x0000000008003080                . = ALIGN (0x4)
                0x0000000008003080                PROVIDE (__preinit_array_start = .)
 *(.preinit_array*)
                0x0000000008003080                PROVIDE (__preinit_array_end = .)
                0x0000000008003080                . = ALIGN (0x4)

.init_array     0x0000000008003080        0x4
                0x0000000008003080                . = ALIGN (0x4)
                0x0000000008003080                PROVIDE (__init_array_start = .)
 *(SORT_BY_NAME(.init_array.*))
 *(.init_array*)
 .init_array    0x0000000008003080        0x4 C:/ST/STM32CubeIDE_1.14.0/STM32CubeIDE/plugins/com.st.stm32cube.ide.mcu.externaltools.gnu-tools-for-stm32.11.3.rel1.win32_1.1.100.202309141235/tools/bin/../lib/gcc/arm-none-eabi/11.3.1/thumb/v7e-m+fp/hard/crtbegin.o
                0x0000000008003084                PROVIDE (__init_array_end = .)
                0x0000000008003084                . = ALIGN (0x4)

.fini_array     0x0000000008003084        0x4
                0x0000000008003084                . = ALIGN (0x4)
                [!provide]                        PROVIDE (__fini_array_start = .)
 *(SORT_BY_NAME(.fini_array.*))
 *(.fini_array*)
 .fini_array    0x0000000008003084        0x4 C:/ST/STM32CubeIDE_1.14.0/STM32CubeIDE/plugins/com.st.stm32cube.ide.mcu.externaltools.gnu-tools-for-stm32.11.3.rel1.win32_1.1.100.202309141235/tools/bin/../lib/gcc/arm-none-eabi/11.3.1/thumb/v7e-m+fp/hard/crtbegin.o
                [!provide]                        PROVIDE (__fini_array_end = .)
                0x0000000008003088                . = ALIGN (0x4)
                0x0000000008003088                _sidata = LOADADDR (.data)

.data           0x0000000020000000       0x30 load address 0x0000000008003088
                0x0000000020000000                . = ALIGN (0x4)
                0x0000000020000000                _sdata = .
 *(.data)
 *(.data*)
 .data.GPIO_PIN
                0x0000000020000000       0x10 ./Drivers/BSP/STM32469I-Discovery/stm32469i_discovery.o
                0x0000000020000000                GPIO_PIN
 .data.GPIO_PORT
                0x0000000020000010       0x10 ./Drivers/BSP/STM32469I-Discovery/stm32469i_discovery.o
                0x0000000020000010                GPIO_PORT
 .data.BUTTON_PORT
                0x0000000020000020        0x4 ./Drivers/BSP/STM32469I-Discovery/stm32469i_discovery.o
                0x0000000020000020                BUTTON_PORT
 .data.SystemCoreClock
                0x0000000020000024        0x4 ./Drivers/CMSIS/system_stm32f4xx.o
                0x0000000020000024                SystemCoreClock
 .data.uwTickPrio
                0x0000000020000028        0x4 ./Drivers/STM32F4xx_HAL_Driver/stm32f4xx_hal.o
                0x0000000020000028                uwTickPrio
 .data.uwTickFreq
                0x000000002000002c        0x1 ./Drivers/STM32F4xx_HAL_Driver/stm32f4xx_hal.o
                0x000000002000002c                uwTickFreq
 .data.ubSelectedWavesForm
                0x000000002000002d        0x1 ./Example/User/main.o
                0x000000002000002d                ubSelectedWavesForm
 .data.ubKeyPressed
                0x000000002000002e        0x1 ./Example/User/main.o
                0x000000002000002e                ubKeyPressed
 *(.RamFunc)
 *(.RamFunc*)
                0x0000000020000030                . = ALIGN (0x4)
 *fill*         0x000000002000002f        0x1 
                0x0000000020000030                _edata = .
                0x00000000080030b8                _siccmram = LOADADDR (.ccmram)

.igot.plt       0x0000000020000030        0x0 load address 0x00000000080030b8
 .igot.plt      0x0000000020000030        0x0 C:/ST/STM32CubeIDE_1.14.0/STM32CubeIDE/plugins/com.st.stm32cube.ide.mcu.externaltools.gnu-tools-for-stm32.11.3.rel1.win32_1.1.100.202309141235/tools/bin/../lib/gcc/arm-none-eabi/11.3.1/thumb/v7e-m+fp/hard/crtbegin.o

.ccmram         0x0000000010000000        0x0 load address 0x00000000080030b8
                0x0000000010000000                . = ALIGN (0x4)
                0x0000000010000000                _sccmram = .
 *(.ccmram)
 *(.ccmram*)
                0x0000000010000000                . = ALIGN (0x4)
                0x0000000010000000                _eccmram = .
                0x0000000010000000                . = ALIGN (0x4)

.bss            0x0000000020000030       0xe4
                0x0000000020000030                _sbss = .
                0x0000000020000030                __bss_start__ = _sbss
 *(.bss)
 .bss           0x0000000020000030       0x1c C:/ST/STM32CubeIDE_1.14.0/STM32CubeIDE/plugins/com.st.stm32cube.ide.mcu.externaltools.gnu-tools-for-stm32.11.3.rel1.win32_1.1.100.202309141235/tools/bin/../lib/gcc/arm-none-eabi/11.3.1/thumb/v7e-m+fp/hard/crtbegin.o
 *(.bss*)
 .bss.uwTick    0x000000002000004c        0x4 ./Drivers/STM32F4xx_HAL_Driver/stm32f4xx_hal.o
                0x000000002000004c                uwTick
 .bss.DacHandle
                0x0000000020000050       0x14 ./Example/User/main.o
                0x0000000020000050                DacHandle
 .bss.sConfig   0x0000000020000064        0x8 ./Example/User/main.o
 .bss.htim.0    0x000000002000006c       0x48 ./Example/User/main.o
 .bss.hdma_dac1.0
                0x00000000200000b4       0x60 ./Example/User/stm32f4xx_hal_msp.o
 *(COMMON)
                0x0000000020000114                . = ALIGN (0x4)
                0x0000000020000114                _ebss = .
                0x0000000020000114                __bss_end__ = _ebss

._user_heap_stack
                0x0000000020000114      0x604
                0x0000000020000118                . = ALIGN (0x8)
 *fill*         0x0000000020000114        0x4 
                [!provide]                        PROVIDE (end = .)
                0x0000000020000118                PROVIDE (_end = .)
                0x0000000020000318                . = (. + _Min_Heap_Size)
 *fill*         0x0000000020000118      0x200 
                0x0000000020000718                . = (. + _Min_Stack_Size)
 *fill*         0x0000000020000318      0x400 
                0x0000000020000718                . = ALIGN (0x8)

/DISCARD/
 libc.a(*)
 libm.a(*)
 libgcc.a(*)

.ARM.attributes
                0x0000000000000000       0x30
 *(.ARM.attributes)
 .ARM.attributes
                0x0000000000000000       0x1e C:/ST/STM32CubeIDE_1.14.0/STM32CubeIDE/plugins/com.st.stm32cube.ide.mcu.externaltools.gnu-tools-for-stm32.11.3.rel1.win32_1.1.100.202309141235/tools/bin/../lib/gcc/arm-none-eabi/11.3.1/thumb/v7e-m+fp/hard/crti.o
 .ARM.attributes
                0x000000000000001e       0x34 C:/ST/STM32CubeIDE_1.14.0/STM32CubeIDE/plugins/com.st.stm32cube.ide.mcu.externaltools.gnu-tools-for-stm32.11.3.rel1.win32_1.1.100.202309141235/tools/bin/../lib/gcc/arm-none-eabi/11.3.1/thumb/v7e-m+fp/hard/crtbegin.o
 .ARM.attributes
                0x0000000000000052       0x34 ./Drivers/BSP/STM32469I-Discovery/stm32469i_discovery.o
 .ARM.attributes
                0x0000000000000086       0x34 ./Drivers/CMSIS/system_stm32f4xx.o
 .ARM.attributes
                0x00000000000000ba       0x34 ./Drivers/STM32F4xx_HAL_Driver/stm32f4xx_hal.o
 .ARM.attributes
                0x00000000000000ee       0x34 ./Drivers/STM32F4xx_HAL_Driver/stm32f4xx_hal_cortex.o
 .ARM.attributes
                0x0000000000000122       0x34 ./Drivers/STM32F4xx_HAL_Driver/stm32f4xx_hal_dac.o
 .ARM.attributes
                0x0000000000000156       0x34 ./Drivers/STM32F4xx_HAL_Driver/stm32f4xx_hal_dac_ex.o
 .ARM.attributes
                0x000000000000018a       0x34 ./Drivers/STM32F4xx_HAL_Driver/stm32f4xx_hal_dma.o
 .ARM.attributes
                0x00000000000001be       0x34 ./Drivers/STM32F4xx_HAL_Driver/stm32f4xx_hal_gpio.o
 .ARM.attributes
                0x00000000000001f2       0x34 ./Drivers/STM32F4xx_HAL_Driver/stm32f4xx_hal_pwr_ex.o
 .ARM.attributes
                0x0000000000000226       0x34 ./Drivers/STM32F4xx_HAL_Driver/stm32f4xx_hal_rcc.o
 .ARM.attributes
                0x000000000000025a       0x34 ./Drivers/STM32F4xx_HAL_Driver/stm32f4xx_hal_rcc_ex.o
 .ARM.attributes
                0x000000000000028e       0x34 ./Drivers/STM32F4xx_HAL_Driver/stm32f4xx_hal_tim.o
 .ARM.attributes
                0x00000000000002c2       0x34 ./Drivers/STM32F4xx_HAL_Driver/stm32f4xx_hal_tim_ex.o
 .ARM.attributes
                0x00000000000002f6       0x21 ./Example/Startup/startup_stm32f469nihx.o
 .ARM.attributes
                0x0000000000000317       0x34 ./Example/User/main.o
 .ARM.attributes
                0x000000000000034b       0x34 ./Example/User/stm32f4xx_hal_msp.o
 .ARM.attributes
                0x000000000000037f       0x34 ./Example/User/stm32f4xx_it.o
 .ARM.attributes
                0x00000000000003b3       0x34 C:/ST/STM32CubeIDE_1.14.0/STM32CubeIDE/plugins/com.st.stm32cube.ide.mcu.externaltools.gnu-tools-for-stm32.11.3.rel1.win32_1.1.100.202309141235/tools/bin/../lib/gcc/arm-none-eabi/11.3.1/../../../../arm-none-eabi/lib/thumb/v7e-m+fp/hard\libc_nano.a(libc_a-init.o)
 .ARM.attributes
                0x00000000000003e7       0x1e C:/ST/STM32CubeIDE_1.14.0/STM32CubeIDE/plugins/com.st.stm32cube.ide.mcu.externaltools.gnu-tools-for-stm32.11.3.rel1.win32_1.1.100.202309141235/tools/bin/../lib/gcc/arm-none-eabi/11.3.1/thumb/v7e-m+fp/hard\libgcc.a(_aeabi_uldivmod.o)
 .ARM.attributes
                0x0000000000000405       0x34 C:/ST/STM32CubeIDE_1.14.0/STM32CubeIDE/plugins/com.st.stm32cube.ide.mcu.externaltools.gnu-tools-for-stm32.11.3.rel1.win32_1.1.100.202309141235/tools/bin/../lib/gcc/arm-none-eabi/11.3.1/thumb/v7e-m+fp/hard\libgcc.a(_udivmoddi4.o)
 .ARM.attributes
                0x0000000000000439       0x1e C:/ST/STM32CubeIDE_1.14.0/STM32CubeIDE/plugins/com.st.stm32cube.ide.mcu.externaltools.gnu-tools-for-stm32.11.3.rel1.win32_1.1.100.202309141235/tools/bin/../lib/gcc/arm-none-eabi/11.3.1/thumb/v7e-m+fp/hard\libgcc.a(_dvmd_tls.o)
 .ARM.attributes
                0x0000000000000457       0x1e C:/ST/STM32CubeIDE_1.14.0/STM32CubeIDE/plugins/com.st.stm32cube.ide.mcu.externaltools.gnu-tools-for-stm32.11.3.rel1.win32_1.1.100.202309141235/tools/bin/../lib/gcc/arm-none-eabi/11.3.1/thumb/v7e-m+fp/hard/crtn.o
OUTPUT(DAC_SignalsGeneration.elf elf32-littlearm)
LOAD linker stubs
LOAD C:/ST/STM32CubeIDE_1.14.0/STM32CubeIDE/plugins/com.st.stm32cube.ide.mcu.externaltools.gnu-tools-for-stm32.11.3.rel1.win32_1.1.100.202309141235/tools/bin/../lib/gcc/arm-none-eabi/11.3.1/../../../../arm-none-eabi/lib/thumb/v7e-m+fp/hard\libc.a
LOAD C:/ST/STM32CubeIDE_1.14.0/STM32CubeIDE/plugins/com.st.stm32cube.ide.mcu.externaltools.gnu-tools-for-stm32.11.3.rel1.win32_1.1.100.202309141235/tools/bin/../lib/gcc/arm-none-eabi/11.3.1/../../../../arm-none-eabi/lib/thumb/v7e-m+fp/hard\libm.a
LOAD C:/ST/STM32CubeIDE_1.14.0/STM32CubeIDE/plugins/com.st.stm32cube.ide.mcu.externaltools.gnu-tools-for-stm32.11.3.rel1.win32_1.1.100.202309141235/tools/bin/../lib/gcc/arm-none-eabi/11.3.1/thumb/v7e-m+fp/hard\libgcc.a

.comment        0x0000000000000000       0x43
 .comment       0x0000000000000000       0x43 C:/ST/STM32CubeIDE_1.14.0/STM32CubeIDE/plugins/com.st.stm32cube.ide.mcu.externaltools.gnu-tools-for-stm32.11.3.rel1.win32_1.1.100.202309141235/tools/bin/../lib/gcc/arm-none-eabi/11.3.1/thumb/v7e-m+fp/hard/crtbegin.o
                                         0x44 (size before relaxing)
 .comment       0x0000000000000043       0x44 ./Drivers/BSP/STM32469I-Discovery/stm32469i_discovery.o
 .comment       0x0000000000000043       0x44 ./Drivers/CMSIS/system_stm32f4xx.o
 .comment       0x0000000000000043       0x44 ./Drivers/STM32F4xx_HAL_Driver/stm32f4xx_hal.o
 .comment       0x0000000000000043       0x44 ./Drivers/STM32F4xx_HAL_Driver/stm32f4xx_hal_cortex.o
 .comment       0x0000000000000043       0x44 ./Drivers/STM32F4xx_HAL_Driver/stm32f4xx_hal_dac.o
 .comment       0x0000000000000043       0x44 ./Drivers/STM32F4xx_HAL_Driver/stm32f4xx_hal_dac_ex.o
 .comment       0x0000000000000043       0x44 ./Drivers/STM32F4xx_HAL_Driver/stm32f4xx_hal_dma.o
 .comment       0x0000000000000043       0x44 ./Drivers/STM32F4xx_HAL_Driver/stm32f4xx_hal_gpio.o
 .comment       0x0000000000000043       0x44 ./Drivers/STM32F4xx_HAL_Driver/stm32f4xx_hal_pwr_ex.o
 .comment       0x0000000000000043       0x44 ./Drivers/STM32F4xx_HAL_Driver/stm32f4xx_hal_rcc.o
 .comment       0x0000000000000043       0x44 ./Drivers/STM32F4xx_HAL_Driver/stm32f4xx_hal_rcc_ex.o
 .comment       0x0000000000000043       0x44 ./Drivers/STM32F4xx_HAL_Driver/stm32f4xx_hal_tim.o
 .comment       0x0000000000000043       0x44 ./Drivers/STM32F4xx_HAL_Driver/stm32f4xx_hal_tim_ex.o
 .comment       0x0000000000000043       0x44 ./Example/User/main.o
 .comment       0x0000000000000043       0x44 ./Example/User/stm32f4xx_hal_msp.o
 .comment       0x0000000000000043       0x44 ./Example/User/stm32f4xx_it.o

.debug_info     0x0000000000000000     0xcf57
 .debug_info    0x0000000000000000     0x1785 ./Drivers/BSP/STM32469I-Discovery/stm32469i_discovery.o
 .debug_info    0x0000000000001785      0x52e ./Drivers/CMSIS/system_stm32f4xx.o
 .debug_info    0x0000000000001cb3      0x9c6 ./Drivers/STM32F4xx_HAL_Driver/stm32f4xx_hal.o
 .debug_info    0x0000000000002679      0xd99 ./Drivers/STM32F4xx_HAL_Driver/stm32f4xx_hal_cortex.o
 .debug_info    0x0000000000003412      0xa01 ./Drivers/STM32F4xx_HAL_Driver/stm32f4xx_hal_dac.o
 .debug_info    0x0000000000003e13      0x750 ./Drivers/STM32F4xx_HAL_Driver/stm32f4xx_hal_dac_ex.o
 .debug_info    0x0000000000004563      0x8e7 ./Drivers/STM32F4xx_HAL_Driver/stm32f4xx_hal_dma.o
 .debug_info    0x0000000000004e4a      0x6db ./Drivers/STM32F4xx_HAL_Driver/stm32f4xx_hal_gpio.o
 .debug_info    0x0000000000005525      0x6be ./Drivers/STM32F4xx_HAL_Driver/stm32f4xx_hal_pwr_ex.o
 .debug_info    0x0000000000005be3      0x8d5 ./Drivers/STM32F4xx_HAL_Driver/stm32f4xx_hal_rcc.o
 .debug_info    0x00000000000064b8      0x84d ./Drivers/STM32F4xx_HAL_Driver/stm32f4xx_hal_rcc_ex.o
 .debug_info    0x0000000000006d05     0x299d ./Drivers/STM32F4xx_HAL_Driver/stm32f4xx_hal_tim.o
 .debug_info    0x00000000000096a2     0x14db ./Drivers/STM32F4xx_HAL_Driver/stm32f4xx_hal_tim_ex.o
 .debug_info    0x000000000000ab7d       0x23 ./Example/Startup/startup_stm32f469nihx.o
 .debug_info    0x000000000000aba0      0xf89 ./Example/User/main.o
 .debug_info    0x000000000000bb29      0xed9 ./Example/User/stm32f4xx_hal_msp.o
 .debug_info    0x000000000000ca02      0x555 ./Example/User/stm32f4xx_it.o

.debug_abbrev   0x0000000000000000     0x22de
 .debug_abbrev  0x0000000000000000      0x302 ./Drivers/BSP/STM32469I-Discovery/stm32469i_discovery.o
 .debug_abbrev  0x0000000000000302      0x11a ./Drivers/CMSIS/system_stm32f4xx.o
 .debug_abbrev  0x000000000000041c      0x214 ./Drivers/STM32F4xx_HAL_Driver/stm32f4xx_hal.o
 .debug_abbrev  0x0000000000000630      0x328 ./Drivers/STM32F4xx_HAL_Driver/stm32f4xx_hal_cortex.o
 .debug_abbrev  0x0000000000000958      0x1fa ./Drivers/STM32F4xx_HAL_Driver/stm32f4xx_hal_dac.o
 .debug_abbrev  0x0000000000000b52      0x1ef ./Drivers/STM32F4xx_HAL_Driver/stm32f4xx_hal_dac_ex.o
 .debug_abbrev  0x0000000000000d41      0x264 ./Drivers/STM32F4xx_HAL_Driver/stm32f4xx_hal_dma.o
 .debug_abbrev  0x0000000000000fa5      0x1d4 ./Drivers/STM32F4xx_HAL_Driver/stm32f4xx_hal_gpio.o
 .debug_abbrev  0x0000000000001179      0x1cf ./Drivers/STM32F4xx_HAL_Driver/stm32f4xx_hal_pwr_ex.o
 .debug_abbrev  0x0000000000001348      0x2b6 ./Drivers/STM32F4xx_HAL_Driver/stm32f4xx_hal_rcc.o
 .debug_abbrev  0x00000000000015fe      0x1e4 ./Drivers/STM32F4xx_HAL_Driver/stm32f4xx_hal_rcc_ex.o
 .debug_abbrev  0x00000000000017e2      0x278 ./Drivers/STM32F4xx_HAL_Driver/stm32f4xx_hal_tim.o
 .debug_abbrev  0x0000000000001a5a      0x283 ./Drivers/STM32F4xx_HAL_Driver/stm32f4xx_hal_tim_ex.o
 .debug_abbrev  0x0000000000001cdd       0x12 ./Example/Startup/startup_stm32f469nihx.o
 .debug_abbrev  0x0000000000001cef      0x263 ./Example/User/main.o
 .debug_abbrev  0x0000000000001f52      0x20a ./Example/User/stm32f4xx_hal_msp.o
 .debug_abbrev  0x000000000000215c      0x182 ./Example/User/stm32f4xx_it.o

.debug_aranges  0x0000000000000000      0xd70
 .debug_aranges
                0x0000000000000000      0x150 ./Drivers/BSP/STM32469I-Discovery/stm32469i_discovery.o
 .debug_aranges
                0x0000000000000150       0x28 ./Drivers/CMSIS/system_stm32f4xx.o
 .debug_aranges
                0x0000000000000178      0x100 ./Drivers/STM32F4xx_HAL_Driver/stm32f4xx_hal.o
 .debug_aranges
                0x0000000000000278      0x120 ./Drivers/STM32F4xx_HAL_Driver/stm32f4xx_hal_cortex.o
 .debug_aranges
                0x0000000000000398       0xc0 ./Drivers/STM32F4xx_HAL_Driver/stm32f4xx_hal_dac.o
 .debug_aranges
                0x0000000000000458       0x80 ./Drivers/STM32F4xx_HAL_Driver/stm32f4xx_hal_dac_ex.o
 .debug_aranges
                0x00000000000004d8       0x90 ./Drivers/STM32F4xx_HAL_Driver/stm32f4xx_hal_dma.o
 .debug_aranges
                0x0000000000000568       0x58 ./Drivers/STM32F4xx_HAL_Driver/stm32f4xx_hal_gpio.o
 .debug_aranges
                0x00000000000005c0       0x60 ./Drivers/STM32F4xx_HAL_Driver/stm32f4xx_hal_pwr_ex.o
 .debug_aranges
                0x0000000000000620       0x88 ./Drivers/STM32F4xx_HAL_Driver/stm32f4xx_hal_rcc.o
 .debug_aranges
                0x00000000000006a8       0x70 ./Drivers/STM32F4xx_HAL_Driver/stm32f4xx_hal_rcc_ex.o
 .debug_aranges
                0x0000000000000718      0x3d0 ./Drivers/STM32F4xx_HAL_Driver/stm32f4xx_hal_tim.o
 .debug_aranges
                0x0000000000000ae8      0x168 ./Drivers/STM32F4xx_HAL_Driver/stm32f4xx_hal_tim_ex.o
 .debug_aranges
                0x0000000000000c50       0x28 ./Example/Startup/startup_stm32f469nihx.o
 .debug_aranges
                0x0000000000000c78       0x50 ./Example/User/main.o
 .debug_aranges
                0x0000000000000cc8       0x38 ./Example/User/stm32f4xx_hal_msp.o
 .debug_aranges
                0x0000000000000d00       0x70 ./Example/User/stm32f4xx_it.o

.debug_rnglists
                0x0000000000000000      0xa49
 .debug_rnglists
                0x0000000000000000       0xfb ./Drivers/BSP/STM32469I-Discovery/stm32469i_discovery.o
 .debug_rnglists
                0x00000000000000fb       0x1a ./Drivers/CMSIS/system_stm32f4xx.o
 .debug_rnglists
                0x0000000000000115       0xbb ./Drivers/STM32F4xx_HAL_Driver/stm32f4xx_hal.o
 .debug_rnglists
                0x00000000000001d0       0xd4 ./Drivers/STM32F4xx_HAL_Driver/stm32f4xx_hal_cortex.o
 .debug_rnglists
                0x00000000000002a4       0x90 ./Drivers/STM32F4xx_HAL_Driver/stm32f4xx_hal_dac.o
 .debug_rnglists
                0x0000000000000334       0x5c ./Drivers/STM32F4xx_HAL_Driver/stm32f4xx_hal_dac_ex.o
 .debug_rnglists
                0x0000000000000390       0x70 ./Drivers/STM32F4xx_HAL_Driver/stm32f4xx_hal_dma.o
 .debug_rnglists
                0x0000000000000400       0x3f ./Drivers/STM32F4xx_HAL_Driver/stm32f4xx_hal_gpio.o
 .debug_rnglists
                0x000000000000043f       0x47 ./Drivers/STM32F4xx_HAL_Driver/stm32f4xx_hal_pwr_ex.o
 .debug_rnglists
                0x0000000000000486       0x66 ./Drivers/STM32F4xx_HAL_Driver/stm32f4xx_hal_rcc.o
 .debug_rnglists
                0x00000000000004ec       0x57 ./Drivers/STM32F4xx_HAL_Driver/stm32f4xx_hal_rcc_ex.o
 .debug_rnglists
                0x0000000000000543      0x31a ./Drivers/STM32F4xx_HAL_Driver/stm32f4xx_hal_tim.o
 .debug_rnglists
                0x000000000000085d      0x125 ./Drivers/STM32F4xx_HAL_Driver/stm32f4xx_hal_tim_ex.o
 .debug_rnglists
                0x0000000000000982       0x19 ./Example/Startup/startup_stm32f469nihx.o
 .debug_rnglists
                0x000000000000099b       0x39 ./Example/User/main.o
 .debug_rnglists
                0x00000000000009d4       0x26 ./Example/User/stm32f4xx_hal_msp.o
 .debug_rnglists
                0x00000000000009fa       0x4f ./Example/User/stm32f4xx_it.o

.debug_macro    0x0000000000000000    0x28f8b
 .debug_macro   0x0000000000000000      0x214 ./Drivers/BSP/STM32469I-Discovery/stm32469i_discovery.o
 .debug_macro   0x0000000000000214      0xaa8 ./Drivers/BSP/STM32469I-Discovery/stm32469i_discovery.o
 .debug_macro   0x0000000000000cbc      0x1ac ./Drivers/BSP/STM32469I-Discovery/stm32469i_discovery.o
 .debug_macro   0x0000000000000e68       0x2e ./Drivers/BSP/STM32469I-Discovery/stm32469i_discovery.o
 .debug_macro   0x0000000000000e96       0x28 ./Drivers/BSP/STM32469I-Discovery/stm32469i_discovery.o
 .debug_macro   0x0000000000000ebe       0x22 ./Drivers/BSP/STM32469I-Discovery/stm32469i_discovery.o
 .debug_macro   0x0000000000000ee0       0x8e ./Drivers/BSP/STM32469I-Discovery/stm32469i_discovery.o
 .debug_macro   0x0000000000000f6e       0x51 ./Drivers/BSP/STM32469I-Discovery/stm32469i_discovery.o
 .debug_macro   0x0000000000000fbf      0x103 ./Drivers/BSP/STM32469I-Discovery/stm32469i_discovery.o
 .debug_macro   0x00000000000010c2       0x6a ./Drivers/BSP/STM32469I-Discovery/stm32469i_discovery.o
 .debug_macro   0x000000000000112c      0x1df ./Drivers/BSP/STM32469I-Discovery/stm32469i_discovery.o
 .debug_macro   0x000000000000130b       0x1c ./Drivers/BSP/STM32469I-Discovery/stm32469i_discovery.o
 .debug_macro   0x0000000000001327       0x22 ./Drivers/BSP/STM32469I-Discovery/stm32469i_discovery.o
 .debug_macro   0x0000000000001349       0xfb ./Drivers/BSP/STM32469I-Discovery/stm32469i_discovery.o
 .debug_macro   0x0000000000001444     0x1011 ./Drivers/BSP/STM32469I-Discovery/stm32469i_discovery.o
 .debug_macro   0x0000000000002455      0x11f ./Drivers/BSP/STM32469I-Discovery/stm32469i_discovery.o
 .debug_macro   0x0000000000002574    0x1d76d ./Drivers/BSP/STM32469I-Discovery/stm32469i_discovery.o
 .debug_macro   0x000000000001fce1       0x6d ./Drivers/BSP/STM32469I-Discovery/stm32469i_discovery.o
 .debug_macro   0x000000000001fd4e     0x3703 ./Drivers/BSP/STM32469I-Discovery/stm32469i_discovery.o
 .debug_macro   0x0000000000023451      0x174 ./Drivers/BSP/STM32469I-Discovery/stm32469i_discovery.o
 .debug_macro   0x00000000000235c5       0x5c ./Drivers/BSP/STM32469I-Discovery/stm32469i_discovery.o
 .debug_macro   0x0000000000023621      0xde0 ./Drivers/BSP/STM32469I-Discovery/stm32469i_discovery.o
 .debug_macro   0x0000000000024401      0x9e9 ./Drivers/BSP/STM32469I-Discovery/stm32469i_discovery.o
 .debug_macro   0x0000000000024dea      0x115 ./Drivers/BSP/STM32469I-Discovery/stm32469i_discovery.o
 .debug_macro   0x0000000000024eff      0x192 ./Drivers/BSP/STM32469I-Discovery/stm32469i_discovery.o
 .debug_macro   0x0000000000025091       0xa5 ./Drivers/BSP/STM32469I-Discovery/stm32469i_discovery.o
 .debug_macro   0x0000000000025136      0x287 ./Drivers/BSP/STM32469I-Discovery/stm32469i_discovery.o
 .debug_macro   0x00000000000253bd       0x5f ./Drivers/BSP/STM32469I-Discovery/stm32469i_discovery.o
 .debug_macro   0x000000000002541c      0x236 ./Drivers/BSP/STM32469I-Discovery/stm32469i_discovery.o
 .debug_macro   0x0000000000025652      0x122 ./Drivers/BSP/STM32469I-Discovery/stm32469i_discovery.o
 .debug_macro   0x0000000000025774       0xa6 ./Drivers/BSP/STM32469I-Discovery/stm32469i_discovery.o
 .debug_macro   0x000000000002581a      0x132 ./Drivers/BSP/STM32469I-Discovery/stm32469i_discovery.o
 .debug_macro   0x000000000002594c      0x41d ./Drivers/BSP/STM32469I-Discovery/stm32469i_discovery.o
 .debug_macro   0x0000000000025d69       0x2e ./Drivers/BSP/STM32469I-Discovery/stm32469i_discovery.o
 .debug_macro   0x0000000000025d97      0x1b5 ./Drivers/BSP/STM32469I-Discovery/stm32469i_discovery.o
 .debug_macro   0x0000000000025f4c       0x22 ./Drivers/BSP/STM32469I-Discovery/stm32469i_discovery.o
 .debug_macro   0x0000000000025f6e       0xd6 ./Drivers/BSP/STM32469I-Discovery/stm32469i_discovery.o
 .debug_macro   0x0000000000026044      0x127 ./Drivers/BSP/STM32469I-Discovery/stm32469i_discovery.o
 .debug_macro   0x000000000002616b       0xe2 ./Drivers/BSP/STM32469I-Discovery/stm32469i_discovery.o
 .debug_macro   0x000000000002624d       0x89 ./Drivers/BSP/STM32469I-Discovery/stm32469i_discovery.o
 .debug_macro   0x00000000000262d6      0x8ed ./Drivers/BSP/STM32469I-Discovery/stm32469i_discovery.o
 .debug_macro   0x0000000000026bc3       0x4d ./Drivers/BSP/STM32469I-Discovery/stm32469i_discovery.o
 .debug_macro   0x0000000000026c10      0x134 ./Drivers/BSP/STM32469I-Discovery/stm32469i_discovery.o
 .debug_macro   0x0000000000026d44      0x232 ./Drivers/BSP/STM32469I-Discovery/stm32469i_discovery.o
 .debug_macro   0x0000000000026f76      0x1ed ./Drivers/CMSIS/system_stm32f4xx.o
 .debug_macro   0x0000000000027163      0x247 ./Drivers/STM32F4xx_HAL_Driver/stm32f4xx_hal.o
 .debug_macro   0x00000000000273aa      0x1e7 ./Drivers/STM32F4xx_HAL_Driver/stm32f4xx_hal_cortex.o
 .debug_macro   0x0000000000027591      0x1e8 ./Drivers/STM32F4xx_HAL_Driver/stm32f4xx_hal_dac.o
 .debug_macro   0x0000000000027779      0x1e7 ./Drivers/STM32F4xx_HAL_Driver/stm32f4xx_hal_dac_ex.o
 .debug_macro   0x0000000000027960      0x1ed ./Drivers/STM32F4xx_HAL_Driver/stm32f4xx_hal_dma.o
 .debug_macro   0x0000000000027b4d      0x1ed ./Drivers/STM32F4xx_HAL_Driver/stm32f4xx_hal_gpio.o
 .debug_macro   0x0000000000027d3a      0x1ff ./Drivers/STM32F4xx_HAL_Driver/stm32f4xx_hal_pwr_ex.o
 .debug_macro   0x0000000000027f39      0x20b ./Drivers/STM32F4xx_HAL_Driver/stm32f4xx_hal_rcc.o
 .debug_macro   0x0000000000028144      0x1e7 ./Drivers/STM32F4xx_HAL_Driver/stm32f4xx_hal_rcc_ex.o
 .debug_macro   0x000000000002832b      0x1e8 ./Drivers/STM32F4xx_HAL_Driver/stm32f4xx_hal_tim.o
 .debug_macro   0x0000000000028513      0x1e7 ./Drivers/STM32F4xx_HAL_Driver/stm32f4xx_hal_tim_ex.o
 .debug_macro   0x00000000000286fa      0x1ff ./Example/User/main.o
 .debug_macro   0x00000000000288f9      0x238 ./Example/User/main.o
 .debug_macro   0x0000000000028b31       0x52 ./Example/User/main.o
 .debug_macro   0x0000000000028b83      0x1ff ./Example/User/stm32f4xx_hal_msp.o
 .debug_macro   0x0000000000028d82      0x209 ./Example/User/stm32f4xx_it.o

.debug_line     0x0000000000000000     0xf6e1
 .debug_line    0x0000000000000000      0xcf2 ./Drivers/BSP/STM32469I-Discovery/stm32469i_discovery.o
 .debug_line    0x0000000000000cf2      0x860 ./Drivers/CMSIS/system_stm32f4xx.o
 .debug_line    0x0000000000001552      0xae0 ./Drivers/STM32F4xx_HAL_Driver/stm32f4xx_hal.o
 .debug_line    0x0000000000002032      0xd76 ./Drivers/STM32F4xx_HAL_Driver/stm32f4xx_hal_cortex.o
 .debug_line    0x0000000000002da8      0xc1e ./Drivers/STM32F4xx_HAL_Driver/stm32f4xx_hal_dac.o
 .debug_line    0x00000000000039c6      0xa08 ./Drivers/STM32F4xx_HAL_Driver/stm32f4xx_hal_dac_ex.o
 .debug_line    0x00000000000043ce     0x100e ./Drivers/STM32F4xx_HAL_Driver/stm32f4xx_hal_dma.o
 .debug_line    0x00000000000053dc      0xc46 ./Drivers/STM32F4xx_HAL_Driver/stm32f4xx_hal_gpio.o
 .debug_line    0x0000000000006022      0x9d3 ./Drivers/STM32F4xx_HAL_Driver/stm32f4xx_hal_pwr_ex.o
 .debug_line    0x00000000000069f5      0xe2f ./Drivers/STM32F4xx_HAL_Driver/stm32f4xx_hal_rcc.o
 .debug_line    0x0000000000007824     0x10b8 ./Drivers/STM32F4xx_HAL_Driver/stm32f4xx_hal_rcc_ex.o
 .debug_line    0x00000000000088dc     0x3836 ./Drivers/STM32F4xx_HAL_Driver/stm32f4xx_hal_tim.o
 .debug_line    0x000000000000c112     0x1aa6 ./Drivers/STM32F4xx_HAL_Driver/stm32f4xx_hal_tim_ex.o
 .debug_line    0x000000000000dbb8       0x7a ./Example/Startup/startup_stm32f469nihx.o
 .debug_line    0x000000000000dc32      0x955 ./Example/User/main.o
 .debug_line    0x000000000000e587      0x873 ./Example/User/stm32f4xx_hal_msp.o
 .debug_line    0x000000000000edfa      0x8e7 ./Example/User/stm32f4xx_it.o

.debug_str      0x0000000000000000    0xf47ee
 .debug_str     0x0000000000000000    0xf1096 ./Drivers/BSP/STM32469I-Discovery/stm32469i_discovery.o
                                      0xf1440 (size before relaxing)
 .debug_str     0x00000000000f1096      0x123 ./Drivers/CMSIS/system_stm32f4xx.o
                                      0xef698 (size before relaxing)
 .debug_str     0x00000000000f11b9      0x6a1 ./Drivers/STM32F4xx_HAL_Driver/stm32f4xx_hal.o
                                      0xf02c1 (size before relaxing)
 .debug_str     0x00000000000f185a      0x372 ./Drivers/STM32F4xx_HAL_Driver/stm32f4xx_hal_cortex.o
                                      0xeffbd (size before relaxing)
 .debug_str     0x00000000000f1bcc      0x3fb ./Drivers/STM32F4xx_HAL_Driver/stm32f4xx_hal_dac.o
                                      0xefaf7 (size before relaxing)
 .debug_str     0x00000000000f1fc7      0x178 ./Drivers/STM32F4xx_HAL_Driver/stm32f4xx_hal_dac_ex.o
                                      0xef9d2 (size before relaxing)
 .debug_str     0x00000000000f213f      0x33e ./Drivers/STM32F4xx_HAL_Driver/stm32f4xx_hal_dma.o
                                      0xefa8f (size before relaxing)
 .debug_str     0x00000000000f247d      0x135 ./Drivers/STM32F4xx_HAL_Driver/stm32f4xx_hal_gpio.o
                                      0xef803 (size before relaxing)
 .debug_str     0x00000000000f25b2      0x171 ./Drivers/STM32F4xx_HAL_Driver/stm32f4xx_hal_pwr_ex.o
                                      0xef860 (size before relaxing)
 .debug_str     0x00000000000f2723      0x3af ./Drivers/STM32F4xx_HAL_Driver/stm32f4xx_hal_rcc.o
                                      0xefac1 (size before relaxing)
 .debug_str     0x00000000000f2ad2      0x287 ./Drivers/STM32F4xx_HAL_Driver/stm32f4xx_hal_rcc_ex.o
                                      0xef9dd (size before relaxing)
 .debug_str     0x00000000000f2d59     0x1128 ./Drivers/STM32F4xx_HAL_Driver/stm32f4xx_hal_tim.o
                                      0xf09ff (size before relaxing)
 .debug_str     0x00000000000f3e81      0x53b ./Drivers/STM32F4xx_HAL_Driver/stm32f4xx_hal_tim_ex.o
                                      0xf020b (size before relaxing)
 .debug_str     0x00000000000f43bc       0x37 ./Example/Startup/startup_stm32f469nihx.o
                                         0x85 (size before relaxing)
 .debug_str     0x00000000000f43f3      0x29d ./Example/User/main.o
                                      0xf0f5c (size before relaxing)
 .debug_str     0x00000000000f4690       0x5d ./Example/User/stm32f4xx_hal_msp.o
                                      0xf11cc (size before relaxing)
 .debug_str     0x00000000000f46ed      0x101 ./Example/User/stm32f4xx_it.o
                                      0xf07ff (size before relaxing)

.debug_frame    0x0000000000000000     0x375c
 .debug_frame   0x0000000000000000      0x55c ./Drivers/BSP/STM32469I-Discovery/stm32469i_discovery.o
 .debug_frame   0x000000000000055c       0x58 ./Drivers/CMSIS/system_stm32f4xx.o
 .debug_frame   0x00000000000005b4      0x3b4 ./Drivers/STM32F4xx_HAL_Driver/stm32f4xx_hal.o
 .debug_frame   0x0000000000000968      0x4b8 ./Drivers/STM32F4xx_HAL_Driver/stm32f4xx_hal_cortex.o
 .debug_frame   0x0000000000000e20      0x338 ./Drivers/STM32F4xx_HAL_Driver/stm32f4xx_hal_dac.o
 .debug_frame   0x0000000000001158      0x20c ./Drivers/STM32F4xx_HAL_Driver/stm32f4xx_hal_dac_ex.o
 .debug_frame   0x0000000000001364      0x250 ./Drivers/STM32F4xx_HAL_Driver/stm32f4xx_hal_dma.o
 .debug_frame   0x00000000000015b4      0x14c ./Drivers/STM32F4xx_HAL_Driver/stm32f4xx_hal_gpio.o
 .debug_frame   0x0000000000001700      0x14c ./Drivers/STM32F4xx_HAL_Driver/stm32f4xx_hal_pwr_ex.o
 .debug_frame   0x000000000000184c      0x1f4 ./Drivers/STM32F4xx_HAL_Driver/stm32f4xx_hal_rcc.o
 .debug_frame   0x0000000000001a40      0x1b4 ./Drivers/STM32F4xx_HAL_Driver/stm32f4xx_hal_rcc_ex.o
 .debug_frame   0x0000000000001bf4     0x11c0 ./Drivers/STM32F4xx_HAL_Driver/stm32f4xx_hal_tim.o
 .debug_frame   0x0000000000002db4      0x638 ./Drivers/STM32F4xx_HAL_Driver/stm32f4xx_hal_tim_ex.o
 .debug_frame   0x00000000000033ec       0xf8 ./Example/User/main.o
 .debug_frame   0x00000000000034e4       0xa8 ./Example/User/stm32f4xx_hal_msp.o
 .debug_frame   0x000000000000358c      0x144 ./Example/User/stm32f4xx_it.o
 .debug_frame   0x00000000000036d0       0x2c C:/ST/STM32CubeIDE_1.14.0/STM32CubeIDE/plugins/com.st.stm32cube.ide.mcu.externaltools.gnu-tools-for-stm32.11.3.rel1.win32_1.1.100.202309141235/tools/bin/../lib/gcc/arm-none-eabi/11.3.1/../../../../arm-none-eabi/lib/thumb/v7e-m+fp/hard\libc_nano.a(libc_a-init.o)
 .debug_frame   0x00000000000036fc       0x2c C:/ST/STM32CubeIDE_1.14.0/STM32CubeIDE/plugins/com.st.stm32cube.ide.mcu.externaltools.gnu-tools-for-stm32.11.3.rel1.win32_1.1.100.202309141235/tools/bin/../lib/gcc/arm-none-eabi/11.3.1/thumb/v7e-m+fp/hard\libgcc.a(_aeabi_uldivmod.o)
 .debug_frame   0x0000000000003728       0x34 C:/ST/STM32CubeIDE_1.14.0/STM32CubeIDE/plugins/com.st.stm32cube.ide.mcu.externaltools.gnu-tools-for-stm32.11.3.rel1.win32_1.1.100.202309141235/tools/bin/../lib/gcc/arm-none-eabi/11.3.1/thumb/v7e-m+fp/hard\libgcc.a(_udivmoddi4.o)

.debug_line_str
                0x0000000000000000       0x79
 .debug_line_str
                0x0000000000000000       0x79 ./Example/Startup/startup_stm32f469nihx.o
                                         0x91 (size before relaxing)
