C:/Users/alile/Desktop/FinalProject2/DAC_SignalsGeneration/Src/main.c:17:5:main	8	static
C:/Users/alile/Desktop/FinalProject2/DAC_SignalsGeneration/Src/main.c:52:13:SystemClock_Config	96	static
C:/Users/alile/Desktop/FinalProject2/DAC_SignalsGeneration/Src/main.c:105:13:Error_Handler	8	static
C:/Users/alile/Desktop/FinalProject2/DAC_SignalsGeneration/Src/main.c:119:13:DAC_Ch1_EscalatorConfig	16	static
C:/Users/alile/Desktop/FinalProject2/DAC_SignalsGeneration/Src/main.c:147:13:DAC_Ch1_TriangleConfig	8	static
C:/Users/alile/Desktop/FinalProject2/DAC_SignalsGeneration/Src/main.c:187:6:HAL_GPIO_EXTI_Callback	16	static
C:/Users/alile/Desktop/FinalProject2/DAC_SignalsGeneration/Src/main.c:198:6:TIM6_Config	16	static
