C:/Users/alile/Desktop/FinalProject2/DAC_SignalsGeneration/Src/main.c:17:5:main	3
C:/Users/alile/Desktop/FinalProject2/DAC_SignalsGeneration/Src/main.c:52:13:SystemClock_Config	4
C:/Users/alile/Desktop/FinalProject2/DAC_SignalsGeneration/Src/main.c:105:13:Error_Handler	1
C:/Users/alile/Desktop/FinalProject2/DAC_SignalsGeneration/Src/main.c:119:13:DAC_Ch1_EscalatorConfig	4
C:/Users/alile/Desktop/FinalProject2/DAC_SignalsGeneration/Src/main.c:147:13:DAC_Ch1_TriangleConfig	6
C:/Users/alile/Desktop/FinalProject2/DAC_SignalsGeneration/Src/main.c:187:6:HAL_GPIO_EXTI_Callback	1
C:/Users/alile/Desktop/FinalProject2/DAC_SignalsGeneration/Src/main.c:198:6:TIM6_Config	1
